// Jest Snapshot v1, https://goo.gl/fbAQLP

exports[`<Item /> renders and matches the snapshot 1`] = `
<ItemStyles__Item>
  <img
    alt="cool item"
    src="dog.jpg"
  />
  <Title>
    <Link
      href={
        Object {
          "pathname": "/item",
          "query": Object {
            "id": "abc",
          },
        }
      }
    >
      <a>
        cool item
      </a>
    </Link>
  </Title>
  <PriceTag>
    $0.50
  </PriceTag>
  <p />
  <div
    className="buttonList"
  >
    <Link
      href={
        Object {
          "pathname": "/update",
          "query": Object {
            "id": "abc",
          },
        }
      }
    >
      <a>
        Edit
      </a>
    </Link>
    <AddToCart
      id="abc"
    />
    <DeleteItem
      id="abc"
    >
      Delete This Item
    </DeleteItem>
  </div>
</ItemStyles__Item>
`;
